[16:43:13] [ServerMain/INFO]: Environment: Environment[sessionHost=https://sessionserver.mojang.com, servicesHost=https://api.minecraftservices.com, name=PROD]
[16:43:15] [ServerMain/INFO]: Loaded 1290 recipes
[16:43:16] [Server thread/INFO]: Starting minecraft server version 1.21
[16:43:16] [Server thread/INFO]: Loading properties
[16:43:16] [Server thread/INFO]: This server is running CraftBukkit version 4226-Spigot-146439e-2889b3a (MC: 1.21) (Implementing API version 1.21-R0.1-SNAPSHOT)
[16:43:17] [Server thread/INFO]: Server Ping Player Sample Count: 12
[16:43:17] [Server thread/INFO]: Using 4 threads for Netty based IO
[16:43:17] [Server thread/INFO]: Debug logging is disabled
[16:43:17] [Server thread/INFO]: Default game type: SURVIVAL
[16:43:17] [Server thread/INFO]: Generating keypair
[16:43:17] [Server thread/INFO]: Starting Minecraft server on *:25565
[16:43:17] [Server thread/INFO]: Using epoll channel type
[16:43:17] [Server thread/INFO]: [GSit] Loading GSit v2.2.0
[16:43:18] [Server thread/INFO]: [ViaVersion] Loading ViaVersion v5.0.1
[16:43:18] [Server thread/INFO]: [ViaVersion] ViaVersion 5.0.1 is now loaded. Registering protocol transformers and injecting...
[16:43:19] [Via-Mappingloader-0/INFO]: [ViaVersion] Loading block connection mappings ...
[16:43:19] [Via-Mappingloader-0/INFO]: [ViaVersion] Using FastUtil Long2ObjectOpenHashMap for block connections
[16:43:19] [Server thread/INFO]: [ViaBackwards] Loading translations...
[16:43:19] [Server thread/INFO]: [ViaBackwards] Registering protocols...
[16:43:20] [Server thread/INFO]: [playit-gg] Loading playit-gg v0.1.4
[16:43:20] [Server thread/INFO]: [ViaBackwards] Loading ViaBackwards v5.0.1
[16:43:20] [Server thread/INFO]: [Geyser-Spigot] Loading Geyser-Spigot v2.6.0-SNAPSHOT
[16:43:22] [Server thread/INFO]: [Geyser-Spigot] Loading extensions...
[16:43:22] [Server thread/INFO]: [Geyser-Spigot] Loaded 0 extension(s)
[16:43:22] [Server thread/WARN]: **** SERVER IS RUNNING IN OFFLINE/INSECURE MODE!
[16:43:22] [Server thread/WARN]: The server will make no attempt to authenticate usernames. Beware.
[16:43:22] [Server thread/WARN]: While this makes the game possible to play without internet access, it also opens up the ability for hackers to connect with any username they choose.
[16:43:22] [Server thread/WARN]: To change this, set "online-mode" to "true" in the server.properties file.
[16:43:22] [Server thread/INFO]: Preparing level "world"
[16:43:22] [Server thread/INFO]: -------- World Settings For [world] --------
[16:43:22] [Server thread/INFO]: Cactus Growth Modifier: 100%
[16:43:22] [Server thread/INFO]: Cane Growth Modifier: 100%
[16:43:22] [Server thread/INFO]: Melon Growth Modifier: 100%
[16:43:22] [Server thread/INFO]: Mushroom Growth Modifier: 100%
[16:43:22] [Server thread/INFO]: Pumpkin Growth Modifier: 100%
[16:43:22] [Server thread/INFO]: Sapling Growth Modifier: 100%
[16:43:22] [Server thread/INFO]: Beetroot Growth Modifier: 100%
[16:43:22] [Server thread/INFO]: Carrot Growth Modifier: 100%
[16:43:22] [Server thread/INFO]: Potato Growth Modifier: 100%
[16:43:22] [Server thread/INFO]: Wheat Growth Modifier: 100%
[16:43:22] [Server thread/INFO]: NetherWart Growth Modifier: 100%
[16:43:22] [Server thread/INFO]: Vine Growth Modifier: 100%
[16:43:22] [Server thread/INFO]: Cocoa Growth Modifier: 100%
[16:43:22] [Server thread/INFO]: Bamboo Growth Modifier: 100%
[16:43:22] [Server thread/INFO]: SweetBerry Growth Modifier: 100%
[16:43:22] [Server thread/INFO]: Kelp Growth Modifier: 100%
[16:43:22] [Server thread/INFO]: TwistingVines Growth Modifier: 100%
[16:43:22] [Server thread/INFO]: WeepingVines Growth Modifier: 100%
[16:43:22] [Server thread/INFO]: CaveVines Growth Modifier: 100%
[16:43:22] [Server thread/INFO]: Entity Activation Range: An 32 / Mo 32 / Ra 48 / Mi 16 / Tiv true / Isa false
[16:43:22] [Server thread/INFO]: Entity Tracking Range: Pl 48 / An 48 / Mo 48 / Mi 32 / Di 128 / Other 64
[16:43:22] [Server thread/INFO]: Hopper Transfer: 8 Hopper Check: 1 Hopper Amount: 1 Hopper Can Load Chunks: false
[16:43:22] [Server thread/INFO]: Experience Merge Radius: 3.0
[16:43:22] [Server thread/INFO]: Mob Spawn Range: 6
[16:43:22] [Server thread/INFO]: Custom Map Seeds:  Village: 10387312 Desert: 14357617 Igloo: 14357618 Jungle: 14357619 Swamp: 14357620 Monument: 10387313 Ocean: 14357621 Shipwreck: 165745295 End City: 10387313 Slime: 987234911 Nether: 30084232 Mansion: 10387319 Fossil: 14357921 Portal: 34222645
[16:43:22] [Server thread/INFO]: Max TNT Explosions: 100
[16:43:22] [Server thread/INFO]: Tile Max Tick Time: 50ms Entity max Tick Time: 50ms
[16:43:22] [Server thread/INFO]: View Distance: 32
[16:43:22] [Server thread/INFO]: Simulation Distance: 32
[16:43:22] [Server thread/INFO]: Item Despawn Rate: 6000
[16:43:22] [Server thread/INFO]: Item Merge Radius: 2.5
[16:43:22] [Server thread/INFO]: Allow Zombie Pigmen to spawn from portal blocks: true
[16:43:22] [Server thread/INFO]: Arrow Despawn Rate: 1200 Trident Respawn Rate:1200
[16:43:22] [Server thread/INFO]: Zombie Aggressive Towards Villager: true
[16:43:22] [Server thread/INFO]: Nerfing mobs spawned from spawners: false
[16:43:22] [Server thread/INFO]: -------- World Settings For [world_nether] --------
[16:43:22] [Server thread/INFO]: Cactus Growth Modifier: 100%
[16:43:22] [Server thread/INFO]: Cane Growth Modifier: 100%
[16:43:22] [Server thread/INFO]: Melon Growth Modifier: 100%
[16:43:22] [Server thread/INFO]: Mushroom Growth Modifier: 100%
[16:43:22] [Server thread/INFO]: Pumpkin Growth Modifier: 100%
[16:43:22] [Server thread/INFO]: Sapling Growth Modifier: 100%
[16:43:22] [Server thread/INFO]: Beetroot Growth Modifier: 100%
[16:43:22] [Server thread/INFO]: Carrot Growth Modifier: 100%
[16:43:22] [Server thread/INFO]: Potato Growth Modifier: 100%
[16:43:22] [Server thread/INFO]: Wheat Growth Modifier: 100%
[16:43:22] [Server thread/INFO]: NetherWart Growth Modifier: 100%
[16:43:22] [Server thread/INFO]: Vine Growth Modifier: 100%
[16:43:22] [Server thread/INFO]: Cocoa Growth Modifier: 100%
[16:43:22] [Server thread/INFO]: Bamboo Growth Modifier: 100%
[16:43:22] [Server thread/INFO]: SweetBerry Growth Modifier: 100%
[16:43:22] [Server thread/INFO]: Kelp Growth Modifier: 100%
[16:43:22] [Server thread/INFO]: TwistingVines Growth Modifier: 100%
[16:43:22] [Server thread/INFO]: WeepingVines Growth Modifier: 100%
[16:43:22] [Server thread/INFO]: CaveVines Growth Modifier: 100%
[16:43:22] [Server thread/INFO]: Entity Activation Range: An 32 / Mo 32 / Ra 48 / Mi 16 / Tiv true / Isa false
[16:43:22] [Server thread/INFO]: Entity Tracking Range: Pl 48 / An 48 / Mo 48 / Mi 32 / Di 128 / Other 64
[16:43:22] [Server thread/INFO]: Hopper Transfer: 8 Hopper Check: 1 Hopper Amount: 1 Hopper Can Load Chunks: false
[16:43:22] [Server thread/INFO]: Experience Merge Radius: 3.0
[16:43:22] [Server thread/INFO]: Mob Spawn Range: 6
[16:43:22] [Server thread/INFO]: Custom Map Seeds:  Village: 10387312 Desert: 14357617 Igloo: 14357618 Jungle: 14357619 Swamp: 14357620 Monument: 10387313 Ocean: 14357621 Shipwreck: 165745295 End City: 10387313 Slime: 987234911 Nether: 30084232 Mansion: 10387319 Fossil: 14357921 Portal: 34222645
[16:43:22] [Server thread/INFO]: Max TNT Explosions: 100
[16:43:22] [Server thread/INFO]: Tile Max Tick Time: 50ms Entity max Tick Time: 50ms
[16:43:22] [Server thread/INFO]: View Distance: 32
[16:43:22] [Server thread/INFO]: Simulation Distance: 32
[16:43:22] [Server thread/INFO]: Item Despawn Rate: 6000
[16:43:22] [Server thread/INFO]: Item Merge Radius: 2.5
[16:43:22] [Server thread/INFO]: Allow Zombie Pigmen to spawn from portal blocks: true
[16:43:22] [Server thread/INFO]: Arrow Despawn Rate: 1200 Trident Respawn Rate:1200
[16:43:22] [Server thread/INFO]: Zombie Aggressive Towards Villager: true
[16:43:22] [Server thread/INFO]: Nerfing mobs spawned from spawners: false
[16:43:27] [Server thread/INFO]: -------- World Settings For [world_the_end] --------
[16:43:27] [Server thread/INFO]: Cactus Growth Modifier: 100%
[16:43:27] [Server thread/INFO]: Cane Growth Modifier: 100%
[16:43:27] [Server thread/INFO]: Melon Growth Modifier: 100%
[16:43:27] [Server thread/INFO]: Mushroom Growth Modifier: 100%
[16:43:27] [Server thread/INFO]: Pumpkin Growth Modifier: 100%
[16:43:27] [Server thread/INFO]: Sapling Growth Modifier: 100%
[16:43:27] [Server thread/INFO]: Beetroot Growth Modifier: 100%
[16:43:27] [Server thread/INFO]: Carrot Growth Modifier: 100%
[16:43:27] [Server thread/INFO]: Potato Growth Modifier: 100%
[16:43:27] [Server thread/INFO]: Wheat Growth Modifier: 100%
[16:43:27] [Server thread/INFO]: NetherWart Growth Modifier: 100%
[16:43:27] [Server thread/INFO]: Vine Growth Modifier: 100%
[16:43:27] [Server thread/INFO]: Cocoa Growth Modifier: 100%
[16:43:27] [Server thread/INFO]: Bamboo Growth Modifier: 100%
[16:43:27] [Server thread/INFO]: SweetBerry Growth Modifier: 100%
[16:43:27] [Server thread/INFO]: Kelp Growth Modifier: 100%
[16:43:27] [Server thread/INFO]: TwistingVines Growth Modifier: 100%
[16:43:27] [Server thread/INFO]: WeepingVines Growth Modifier: 100%
[16:43:27] [Server thread/INFO]: CaveVines Growth Modifier: 100%
[16:43:27] [Server thread/INFO]: Entity Activation Range: An 32 / Mo 32 / Ra 48 / Mi 16 / Tiv true / Isa false
[16:43:27] [Server thread/INFO]: Entity Tracking Range: Pl 48 / An 48 / Mo 48 / Mi 32 / Di 128 / Other 64
[16:43:27] [Server thread/INFO]: Hopper Transfer: 8 Hopper Check: 1 Hopper Amount: 1 Hopper Can Load Chunks: false
[16:43:27] [Server thread/INFO]: Experience Merge Radius: 3.0
[16:43:27] [Server thread/INFO]: Mob Spawn Range: 6
[16:43:27] [Server thread/INFO]: Custom Map Seeds:  Village: 10387312 Desert: 14357617 Igloo: 14357618 Jungle: 14357619 Swamp: 14357620 Monument: 10387313 Ocean: 14357621 Shipwreck: 165745295 End City: 10387313 Slime: 987234911 Nether: 30084232 Mansion: 10387319 Fossil: 14357921 Portal: 34222645
[16:43:27] [Server thread/INFO]: Max TNT Explosions: 100
[16:43:27] [Server thread/INFO]: Tile Max Tick Time: 50ms Entity max Tick Time: 50ms
[16:43:27] [Server thread/INFO]: View Distance: 32
[16:43:27] [Server thread/INFO]: Simulation Distance: 32
[16:43:27] [Server thread/INFO]: Item Despawn Rate: 6000
[16:43:27] [Server thread/INFO]: Item Merge Radius: 2.5
[16:43:27] [Server thread/INFO]: Allow Zombie Pigmen to spawn from portal blocks: true
[16:43:27] [Server thread/INFO]: Arrow Despawn Rate: 1200 Trident Respawn Rate:1200
[16:43:27] [Server thread/INFO]: Zombie Aggressive Towards Villager: true
[16:43:27] [Server thread/INFO]: Nerfing mobs spawned from spawners: false
[16:43:27] [Server thread/INFO]: Preparing start region for dimension minecraft:overworld
[16:43:27] [Worker-Main-3/INFO]: Preparing spawn area: 0%
[16:43:27] [Server thread/INFO]: Time elapsed: 425 ms
[16:43:27] [Server thread/INFO]: Preparing start region for dimension minecraft:the_nether
[16:43:27] [Worker-Main-1/INFO]: Preparing spawn area: 0%
[16:43:27] [Server thread/INFO]: Time elapsed: 322 ms
[16:43:27] [Server thread/INFO]: Preparing start region for dimension minecraft:the_end
[16:43:27] [Worker-Main-3/INFO]: Preparing spawn area: 0%
[16:43:28] [Server thread/INFO]: Time elapsed: 177 ms
[16:43:28] [Server thread/INFO]: [GSit] Enabling GSit v2.2.0
[16:43:28] [Server thread/INFO]: [GSit] The plugin was successfully enabled.
[16:43:28] [Server thread/INFO]: [ViaVersion] Enabling ViaVersion v5.0.1
[16:43:28] [Server thread/INFO]: [ViaVersion] ViaVersion detected server version: 1.21 (767)
[16:43:28] [Server thread/INFO]: [playit-gg] Enabling playit-gg v0.1.4
[16:43:29] [Thread-9/INFO]: secret key found, checking
[16:43:29] [Server thread/INFO]: [ViaBackwards] Enabling ViaBackwards v5.0.1
[16:43:29] [Thread-9/INFO]: check secret
[16:43:29] [Server thread/INFO]: [Geyser-Spigot] Enabling Geyser-Spigot v2.6.0-SNAPSHOT
[16:43:29] [Server thread/INFO]: Server permissions file permissions.yml is empty, ignoring it
[16:43:29] [Server thread/INFO]: [Geyser-Spigot] ******************************************
[16:43:29] [Server thread/INFO]: [Geyser-Spigot] 
[16:43:29] [Server thread/INFO]: [Geyser-Spigot] Loading Geyser version 2.6.0-b753 (git-master-da6e2f6)
[16:43:29] [Server thread/INFO]: [Geyser-Spigot] 
[16:43:29] [Server thread/INFO]: [Geyser-Spigot] ******************************************
[16:43:32] [Thread-9/INFO]: found minecraft java tunnel: listed-aqua.joinmc.link
[16:43:32] [Thread-9/INFO]: keys and tunnel setup
[16:43:32] [Thread-9/INFO]: playit.gg: tunnel setup
[16:43:32] [Thread-9/INFO]: playit.gg: listed-aqua.joinmc.link
[16:43:32] [Thread-9/WARN]: Got IO error working with :control.playit.gg/2602:fbaf:840:0:0:0:0:1, error : java.net.SocketException: Network is unreachable
[16:43:33] [Thread-9/INFO]: request queued, waiting 1 second before resend
[16:43:36] [epollEventLoopGroup-4-1/INFO]: [Geyser-Spigot] Started Geyser on UDP port 19132
[16:43:36] [Server thread/INFO]: [Geyser-Spigot] Done (6.573s)! Run /geyser help for help!
[16:43:36] [ForkJoinPool.commonPool-worker-3/INFO]: [Geyser-Spigot] §aThere's a new Geyser update available to support Bedrock version 1.21.60. Download it here: §9§nhttps://geysermc.org/download
[16:43:36] [Server thread/INFO]: Done (14.302s)! For help, type "help"
[16:43:36] [Server thread/WARN]: [Geyser-Spigot] You are using an outdated version of ViaVersion; please download the newest version from https://ci.viaversion.com/job/ViaVersion/
[16:43:36] [Craft Scheduler Thread - 2/INFO]: [ViaVersion] Finished mapping loading, shutting down loader executor!
[16:43:36] [Server thread/WARN]: [ViaVersion] There is a newer plugin version available: 5.2.1, you're on: 5.0.1
